[2026-04-28 14:05:00] heartbeat pid=5044 lock_pid=5044 project=/Users/liujunying/Downloads/project/my-first
[2026-04-28 15:05:00] heartbeat pid=5044 lock_pid=5044 project=/Users/liujunying/Downloads/project/my-first
[2026-04-28 17:05:00] heartbeat pid=5044 lock_pid=5044 project=/Users/liujunying/Downloads/project/my-first
[2026-04-28 20:05:00] heartbeat pid=5044 lock_pid=5044 project=/Users/liujunying/Downloads/project/my-first
[2026-04-28 22:05:00] heartbeat pid=26390 lock_pid=26390 project=/Users/liujunying/Downloads/project/my-first
[2026-04-29 09:05:00] heartbeat pid=26390 lock_pid=26390 project=/Users/liujunying/Downloads/project/my-first
[2026-04-29 10:05:00] heartbeat pid=26390 lock_pid=26390 project=/Users/liujunying/Downloads/project/my-first
[2026-04-29 11:05:00] heartbeat pid=26390 lock_pid=26390 project=/Users/liujunying/Downloads/project/my-first
[2026-04-29 12:05:00] heartbeat pid=44128 lock_pid=44128 project=/Users/liujunying/Downloads/project/my-first
[2026-04-29 22:05:00] heartbeat pid=60162 lock_pid=60162 project=/Users/liujunying/Downloads/project/my-first
[2026-04-30 09:05:00] heartbeat pid=60162 lock_pid=60162 project=/Users/liujunying/Downloads/project/my-first
[2026-04-30 10:05:00] heartbeat pid=60162 lock_pid=60162 project=/Users/liujunying/Downloads/project/my-first
[2026-04-30 10:18:11] job_heartbeat stage=before job=watchlist_refresh_1030 pid=72060 lock_pid=71977
[2026-04-30 10:30:00] job_heartbeat stage=before job=watchlist_refresh_1030 pid=71977 lock_pid=71977
[2026-04-30 10:42:11] job_heartbeat stage=before job=daily_report pid=73118 lock_pid=73035
[2026-04-30 10:48:23] job_heartbeat stage=before job=watchlist_refresh_1030 pid=73436 lock_pid=None
[2026-04-30 11:05:00] heartbeat pid=73399 lock_pid=73399 project=/Users/liujunying/Downloads/project/my-first
[2026-04-30 11:08:18] job_heartbeat stage=before job=watchlist_refresh_1030 pid=74137 lock_pid=74073
[2026-04-30 11:18:16] job_heartbeat stage=before job=watchlist_refresh_1030 pid=74529 lock_pid=74473
[2026-04-30 11:20:00] job_heartbeat stage=before job=watchlist_refresh_1120 pid=74473 lock_pid=74473
[2026-04-30 11:30:00] job_heartbeat stage=before job=track_positions_midday pid=74473 lock_pid=74473
[2026-04-30 12:05:00] heartbeat pid=74473 lock_pid=74473 project=/Users/liujunying/Downloads/project/my-first
[2026-04-30 13:05:00] heartbeat pid=74473 lock_pid=74473 project=/Users/liujunying/Downloads/project/my-first
[2026-04-30 13:20:00] job_heartbeat stage=before job=observe_afternoon pid=74473 lock_pid=74473
[2026-04-30 14:05:00] heartbeat pid=74473 lock_pid=74473 project=/Users/liujunying/Downloads/project/my-first
[2026-04-30 14:20:00] job_heartbeat stage=before job=watchlist_refresh_1420 pid=74473 lock_pid=74473
[2026-04-30 14:50:00] job_heartbeat stage=before job=tail_confirm pid=74473 lock_pid=74473
[2026-04-30 14:55:00] job_heartbeat stage=before job=track_positions_tail pid=74473 lock_pid=74473
[2026-04-30 17:05:00] heartbeat pid=86569 lock_pid=86569 project=/Users/liujunying/Downloads/project/my-first
[2026-04-30 17:30:00] job_heartbeat stage=before job=after_close pid=86569 lock_pid=86569
[2026-04-30 20:00:00] job_heartbeat stage=before job=track_positions_evening pid=86569 lock_pid=86569
[2026-04-30 20:05:00] heartbeat pid=86569 lock_pid=86569 project=/Users/liujunying/Downloads/project/my-first
[2026-04-30 20:25:00] job_heartbeat stage=before job=daily_report_v290_build pid=86569 lock_pid=86569
[2026-04-30 20:30:00] job_heartbeat stage=before job=daily_report pid=86569 lock_pid=86569
[2026-04-30 22:05:00] heartbeat pid=86569 lock_pid=86569 project=/Users/liujunying/Downloads/project/my-first
[2026-04-30 22:30:00] job_heartbeat stage=before job=night_cache_expand pid=86569 lock_pid=86569
[2026-05-01 09:05:00] heartbeat pid=86569 lock_pid=86569 project=/Users/liujunying/Downloads/project/my-first
[2026-05-01 09:15:00] job_heartbeat stage=before job=preflight pid=86569 lock_pid=86569
[2026-05-01 09:45:00] job_heartbeat stage=before job=observe_morning pid=86569 lock_pid=86569
[2026-05-01 10:05:00] heartbeat pid=86569 lock_pid=86569 project=/Users/liujunying/Downloads/project/my-first
[2026-05-01 10:30:00] job_heartbeat stage=before job=watchlist_refresh_1030 pid=86569 lock_pid=86569
[2026-05-01 11:05:00] heartbeat pid=86569 lock_pid=86569 project=/Users/liujunying/Downloads/project/my-first
[2026-05-01 11:20:00] job_heartbeat stage=before job=watchlist_refresh_1120 pid=86569 lock_pid=86569
[2026-05-01 11:30:00] job_heartbeat stage=before job=track_positions_midday pid=86569 lock_pid=86569
[2026-05-01 12:05:00] heartbeat pid=86569 lock_pid=86569 project=/Users/liujunying/Downloads/project/my-first
[2026-05-01 13:05:00] heartbeat pid=86569 lock_pid=86569 project=/Users/liujunying/Downloads/project/my-first
[2026-05-01 13:20:00] job_heartbeat stage=before job=observe_afternoon pid=86569 lock_pid=86569
[2026-05-01 14:05:00] heartbeat pid=86569 lock_pid=86569 project=/Users/liujunying/Downloads/project/my-first
[2026-05-01 14:20:00] job_heartbeat stage=before job=watchlist_refresh_1420 pid=86569 lock_pid=86569
[2026-05-01 14:40:00] job_heartbeat stage=before job=observe_gate_v270 pid=86569 lock_pid=86569
[2026-05-01 14:50:00] job_heartbeat stage=before job=tail_confirm pid=86569 lock_pid=86569
[2026-05-01 14:52:00] job_heartbeat stage=before job=buy_bridge_v280 pid=86569 lock_pid=86569
[2026-05-01 14:55:00] job_heartbeat stage=before job=track_positions_tail pid=86569 lock_pid=86569
[2026-05-01 15:05:00] heartbeat pid=86569 lock_pid=86569 project=/Users/liujunying/Downloads/project/my-first
[2026-05-01 17:05:00] heartbeat pid=86569 lock_pid=86569 project=/Users/liujunying/Downloads/project/my-first
[2026-05-01 17:30:00] job_heartbeat stage=before job=after_close pid=86569 lock_pid=86569
[2026-05-01 20:00:00] job_heartbeat stage=before job=track_positions_evening pid=86569 lock_pid=86569
[2026-05-01 20:05:00] heartbeat pid=86569 lock_pid=86569 project=/Users/liujunying/Downloads/project/my-first
[2026-05-01 20:25:00] job_heartbeat stage=before job=daily_report_v290_build pid=86569 lock_pid=86569
[2026-05-01 20:30:00] job_heartbeat stage=before job=daily_report pid=86569 lock_pid=86569
[2026-05-01 22:05:00] heartbeat pid=86569 lock_pid=86569 project=/Users/liujunying/Downloads/project/my-first
[2026-05-01 22:30:00] job_heartbeat stage=before job=night_cache_expand pid=86569 lock_pid=86569
[2026-05-04 09:05:01] heartbeat pid=86569 lock_pid=86569 project=/Users/liujunying/Downloads/project/my-first
[2026-05-04 09:15:00] job_heartbeat stage=before job=preflight pid=86569 lock_pid=86569
[2026-05-04 09:45:00] job_heartbeat stage=before job=observe_morning pid=86569 lock_pid=86569
[2026-05-04 10:05:00] heartbeat pid=86569 lock_pid=86569 project=/Users/liujunying/Downloads/project/my-first
[2026-05-04 10:30:00] job_heartbeat stage=before job=watchlist_refresh_1030 pid=86569 lock_pid=86569
[2026-05-04 11:05:00] heartbeat pid=86569 lock_pid=86569 project=/Users/liujunying/Downloads/project/my-first
[2026-05-04 11:20:00] job_heartbeat stage=before job=watchlist_refresh_1120 pid=86569 lock_pid=86569
[2026-05-04 11:30:00] job_heartbeat stage=before job=track_positions_midday pid=86569 lock_pid=86569
[2026-05-04 12:05:00] heartbeat pid=86569 lock_pid=86569 project=/Users/liujunying/Downloads/project/my-first
[2026-05-04 13:05:00] heartbeat pid=86569 lock_pid=86569 project=/Users/liujunying/Downloads/project/my-first
[2026-05-04 13:20:00] job_heartbeat stage=before job=observe_afternoon pid=86569 lock_pid=86569
[2026-05-04 14:05:00] heartbeat pid=86569 lock_pid=86569 project=/Users/liujunying/Downloads/project/my-first
[2026-05-04 14:20:00] job_heartbeat stage=before job=watchlist_refresh_1420 pid=86569 lock_pid=86569
[2026-05-04 14:40:00] job_heartbeat stage=before job=observe_gate_v270 pid=86569 lock_pid=86569
[2026-05-04 14:50:00] job_heartbeat stage=before job=tail_confirm pid=86569 lock_pid=86569
[2026-05-04 14:52:00] job_heartbeat stage=before job=buy_bridge_v280 pid=86569 lock_pid=86569
[2026-05-04 14:55:00] job_heartbeat stage=before job=track_positions_tail pid=86569 lock_pid=86569
[2026-05-04 15:05:00] heartbeat pid=86569 lock_pid=86569 project=/Users/liujunying/Downloads/project/my-first
[2026-05-04 17:05:00] heartbeat pid=86569 lock_pid=86569 project=/Users/liujunying/Downloads/project/my-first
[2026-05-04 17:30:00] job_heartbeat stage=before job=after_close pid=86569 lock_pid=86569
[2026-05-04 20:00:00] job_heartbeat stage=before job=track_positions_evening pid=86569 lock_pid=86569
[2026-05-04 20:05:00] heartbeat pid=86569 lock_pid=86569 project=/Users/liujunying/Downloads/project/my-first
[2026-05-04 20:25:00] job_heartbeat stage=before job=daily_report_v290_build pid=86569 lock_pid=86569
[2026-05-04 20:30:00] job_heartbeat stage=before job=daily_report pid=86569 lock_pid=86569
[2026-05-04 22:05:00] heartbeat pid=86569 lock_pid=86569 project=/Users/liujunying/Downloads/project/my-first
[2026-05-04 22:30:00] job_heartbeat stage=before job=night_cache_expand pid=86569 lock_pid=86569
[2026-05-05 09:05:00] heartbeat pid=86569 lock_pid=86569 project=/Users/liujunying/Downloads/project/my-first
[2026-05-05 09:15:00] job_heartbeat stage=before job=preflight pid=86569 lock_pid=86569
[2026-05-05 09:45:00] job_heartbeat stage=before job=observe_morning pid=86569 lock_pid=86569
[2026-05-05 10:05:00] heartbeat pid=86569 lock_pid=86569 project=/Users/liujunying/Downloads/project/my-first
[2026-05-05 10:30:00] job_heartbeat stage=before job=watchlist_refresh_1030 pid=86569 lock_pid=86569
[2026-05-05 11:05:00] heartbeat pid=86569 lock_pid=86569 project=/Users/liujunying/Downloads/project/my-first
[2026-05-05 11:20:00] job_heartbeat stage=before job=watchlist_refresh_1120 pid=86569 lock_pid=86569
[2026-05-05 11:30:00] job_heartbeat stage=before job=track_positions_midday pid=86569 lock_pid=86569
[2026-05-05 12:05:00] heartbeat pid=86569 lock_pid=86569 project=/Users/liujunying/Downloads/project/my-first
[2026-05-05 13:05:00] heartbeat pid=86569 lock_pid=86569 project=/Users/liujunying/Downloads/project/my-first
[2026-05-05 13:20:00] job_heartbeat stage=before job=observe_afternoon pid=86569 lock_pid=86569
[2026-05-05 14:05:00] heartbeat pid=86569 lock_pid=86569 project=/Users/liujunying/Downloads/project/my-first
[2026-05-05 14:20:00] job_heartbeat stage=before job=watchlist_refresh_1420 pid=86569 lock_pid=86569
[2026-05-05 14:40:00] job_heartbeat stage=before job=observe_gate_v270 pid=86569 lock_pid=86569
[2026-05-05 14:50:00] job_heartbeat stage=before job=tail_confirm pid=86569 lock_pid=86569
[2026-05-05 14:52:00] job_heartbeat stage=before job=buy_bridge_v280 pid=86569 lock_pid=86569
[2026-05-05 14:55:00] job_heartbeat stage=before job=track_positions_tail pid=86569 lock_pid=86569
[2026-05-05 15:05:00] heartbeat pid=86569 lock_pid=86569 project=/Users/liujunying/Downloads/project/my-first
[2026-05-05 17:05:00] heartbeat pid=86569 lock_pid=86569 project=/Users/liujunying/Downloads/project/my-first
[2026-05-05 17:30:00] job_heartbeat stage=before job=after_close pid=86569 lock_pid=86569
[2026-05-05 20:00:00] job_heartbeat stage=before job=track_positions_evening pid=86569 lock_pid=86569
[2026-05-05 20:05:00] heartbeat pid=86569 lock_pid=86569 project=/Users/liujunying/Downloads/project/my-first
[2026-05-05 20:25:00] job_heartbeat stage=before job=daily_report_v290_build pid=86569 lock_pid=86569
[2026-05-05 20:30:00] job_heartbeat stage=before job=daily_report pid=86569 lock_pid=86569
[2026-05-05 22:05:00] heartbeat pid=86569 lock_pid=86569 project=/Users/liujunying/Downloads/project/my-first
[2026-05-05 22:30:00] job_heartbeat stage=before job=night_cache_expand pid=86569 lock_pid=86569
[2026-05-06 09:05:00] heartbeat pid=86569 lock_pid=86569 project=/Users/liujunying/Downloads/project/my-first
[2026-05-06 09:15:00] job_heartbeat stage=before job=preflight pid=86569 lock_pid=86569
[2026-05-06 09:45:00] job_heartbeat stage=before job=observe_morning pid=86569 lock_pid=86569
[2026-05-06 10:05:00] heartbeat pid=86569 lock_pid=86569 project=/Users/liujunying/Downloads/project/my-first
[2026-05-06 10:51:42] job_heartbeat stage=before job=preflight pid=10502 lock_pid=86569
[2026-05-06 11:05:00] heartbeat pid=10712 lock_pid=10712 project=/Users/liujunying/Downloads/project/my-first
[2026-05-06 11:20:00] job_heartbeat stage=before job=watchlist_refresh_1120 pid=10712 lock_pid=10712
[2026-05-06 11:30:00] job_heartbeat stage=before job=track_positions_midday pid=10712 lock_pid=10712
[2026-05-06 12:05:00] heartbeat pid=10712 lock_pid=10712 project=/Users/liujunying/Downloads/project/my-first
[2026-05-06 13:05:00] heartbeat pid=10712 lock_pid=10712 project=/Users/liujunying/Downloads/project/my-first
[2026-05-06 13:20:00] job_heartbeat stage=before job=observe_afternoon pid=10712 lock_pid=10712
[2026-05-06 14:05:00] heartbeat pid=15111 lock_pid=15111 project=/Users/liujunying/Downloads/project/my-first
[2026-05-06 16:10:58] job_heartbeat stage=before job=observe_afternoon pid=19555 lock_pid=18834
[2026-05-06 17:05:00] heartbeat pid=21830 lock_pid=21830 project=/Users/liujunying/Downloads/project/my-first
[2026-05-06 17:30:00] job_heartbeat stage=before job=after_close pid=21830 lock_pid=21830
[2026-05-06 20:00:00] job_heartbeat stage=before job=track_positions_evening pid=21830 lock_pid=21830
[2026-05-06 20:05:00] heartbeat pid=21830 lock_pid=21830 project=/Users/liujunying/Downloads/project/my-first
[2026-05-06 20:25:00] job_heartbeat stage=before job=daily_report_v290_build pid=21830 lock_pid=21830
[2026-05-06 20:30:00] job_heartbeat stage=before job=daily_report pid=21830 lock_pid=21830
[2026-05-06 22:05:00] heartbeat pid=21830 lock_pid=21830 project=/Users/liujunying/Downloads/project/my-first
[2026-05-06 22:30:00] job_heartbeat stage=before job=night_cache_expand pid=21830 lock_pid=21830
[2026-05-07 09:05:00] heartbeat pid=21830 lock_pid=21830 project=/Users/liujunying/Downloads/project/my-first
[2026-05-07 10:05:00] heartbeat pid=21830 lock_pid=21830 project=/Users/liujunying/Downloads/project/my-first
[2026-05-07 12:06:34] job_heartbeat stage=before job=observe_morning pid=72560 lock_pid=72560
[2026-05-07 13:05:00] heartbeat pid=72560 lock_pid=72560 project=/Users/liujunying/Downloads/project/my-first
[2026-05-07 13:20:00] job_heartbeat stage=before job=observe_afternoon pid=72560 lock_pid=72560
[2026-05-07 14:04:48] job_heartbeat stage=before job=observe_morning pid=81655 lock_pid=81655
[2026-05-07 14:20:00] job_heartbeat stage=before job=watchlist_refresh_1420 pid=81655 lock_pid=81655
[2026-05-07 14:40:00] job_heartbeat stage=before job=observe_gate_v270 pid=81655 lock_pid=81655
[2026-05-07 14:50:00] job_heartbeat stage=before job=tail_confirm pid=81655 lock_pid=81655
[2026-05-07 14:52:00] job_heartbeat stage=before job=buy_bridge_v280 pid=81655 lock_pid=81655
[2026-05-07 14:55:00] job_heartbeat stage=before job=track_positions_tail pid=81655 lock_pid=81655
[2026-05-07 15:05:00] heartbeat pid=81655 lock_pid=81655 project=/Users/liujunying/Downloads/project/my-first
[2026-05-07 20:05:00] heartbeat pid=92338 lock_pid=92338 project=/Users/liujunying/Downloads/project/my-first
[2026-05-07 20:25:00] job_heartbeat stage=before job=daily_report_v290_build pid=98774 lock_pid=98774
[2026-05-07 20:30:00] job_heartbeat stage=before job=daily_report pid=98774 lock_pid=98774
[2026-05-07 22:05:00] heartbeat pid=98774 lock_pid=98774 project=/Users/liujunying/Downloads/project/my-first
[2026-05-07 22:30:00] job_heartbeat stage=before job=night_cache_expand pid=98774 lock_pid=98774
[2026-05-07 23:00:00] job_heartbeat stage=before job=daily_maintenance pid=98774 lock_pid=98774
[2026-05-08 09:05:02] heartbeat pid=98774 lock_pid=98774 project=/Users/liujunying/Downloads/project/my-first
[2026-05-08 09:15:00] job_heartbeat stage=before job=preflight pid=98774 lock_pid=98774
[2026-05-08 09:45:00] job_heartbeat stage=before job=observe_morning pid=98774 lock_pid=98774
[2026-05-08 10:05:00] heartbeat pid=98774 lock_pid=98774 project=/Users/liujunying/Downloads/project/my-first
[2026-05-08 10:30:00] job_heartbeat stage=before job=watchlist_refresh_1030 pid=98774 lock_pid=98774
[2026-05-08 11:05:00] heartbeat pid=98774 lock_pid=98774 project=/Users/liujunying/Downloads/project/my-first
[2026-05-08 11:20:00] job_heartbeat stage=before job=watchlist_refresh_1120 pid=98774 lock_pid=98774
[2026-05-08 11:30:00] job_heartbeat stage=before job=track_positions_midday pid=98774 lock_pid=98774
[2026-05-08 12:05:00] heartbeat pid=72203 lock_pid=72203 project=/Users/liujunying/Downloads/project/my-first
[2026-05-08 13:05:00] heartbeat pid=74102 lock_pid=74102 project=/Users/liujunying/Downloads/project/my-first
[2026-05-08 13:20:00] job_heartbeat stage=before job=observe_afternoon pid=74102 lock_pid=74102
[2026-05-08 14:05:00] heartbeat pid=74102 lock_pid=74102 project=/Users/liujunying/Downloads/project/my-first
[2026-05-08 14:20:00] job_heartbeat stage=before job=watchlist_refresh_1420 pid=74102 lock_pid=74102
[2026-05-08 14:40:00] job_heartbeat stage=before job=observe_gate_v270 pid=74102 lock_pid=74102
[2026-05-08 14:50:00] job_heartbeat stage=before job=tail_confirm pid=74102 lock_pid=74102
[2026-05-08 14:52:00] job_heartbeat stage=before job=buy_bridge_v280 pid=74102 lock_pid=74102
[2026-05-08 14:55:00] job_heartbeat stage=before job=track_positions_tail pid=74102 lock_pid=74102
[2026-05-08 15:05:00] heartbeat pid=74102 lock_pid=74102 project=/Users/liujunying/Downloads/project/my-first
[2026-05-08 17:05:00] heartbeat pid=74102 lock_pid=74102 project=/Users/liujunying/Downloads/project/my-first
[2026-05-08 17:30:00] job_heartbeat stage=before job=after_close pid=74102 lock_pid=74102
[2026-05-08 20:00:00] job_heartbeat stage=before job=track_positions_evening pid=74102 lock_pid=74102
[2026-05-08 20:05:00] heartbeat pid=74102 lock_pid=74102 project=/Users/liujunying/Downloads/project/my-first
[2026-05-08 20:25:00] job_heartbeat stage=before job=daily_report_v290_build pid=74102 lock_pid=74102
[2026-05-08 20:30:00] job_heartbeat stage=before job=daily_report pid=74102 lock_pid=74102
[2026-05-08 22:05:00] heartbeat pid=74102 lock_pid=74102 project=/Users/liujunying/Downloads/project/my-first
[2026-05-08 22:30:00] job_heartbeat stage=before job=night_cache_expand pid=74102 lock_pid=74102
[2026-05-08 23:00:00] job_heartbeat stage=before job=daily_maintenance pid=74102 lock_pid=74102
[2026-05-09 14:52:00] job_heartbeat stage=before job=buy_bridge_v280 pid=74102 lock_pid=74102
[2026-05-09 17:30:00] job_heartbeat stage=before job=after_close pid=74102 lock_pid=74102
[2026-05-09 20:25:00] job_heartbeat stage=before job=daily_report_v290_build pid=74102 lock_pid=74102
[2026-05-09 20:30:00] job_heartbeat stage=before job=daily_report pid=74102 lock_pid=74102
[2026-05-09 22:30:00] job_heartbeat stage=before job=night_cache_expand pid=74102 lock_pid=74102
[2026-05-09 23:00:00] job_heartbeat stage=before job=daily_maintenance pid=74102 lock_pid=74102
[2026-05-11 09:05:00] heartbeat pid=74102 lock_pid=74102 project=/Users/liujunying/Downloads/project/my-first
[2026-05-11 10:05:00] heartbeat pid=74102 lock_pid=74102 project=/Users/liujunying/Downloads/project/my-first
[2026-05-11 11:05:00] heartbeat pid=74102 lock_pid=74102 project=/Users/liujunying/Downloads/project/my-first
[2026-05-11 11:52:18] job_heartbeat stage=before job=track_positions_midday pid=99053 lock_pid=74102
[2026-05-11 11:52:33] job_heartbeat stage=before job=track_positions_midday pid=99312 lock_pid=74102
[2026-05-11 12:05:00] heartbeat pid=74102 lock_pid=74102 project=/Users/liujunying/Downloads/project/my-first
[2026-05-11 13:05:00] heartbeat pid=74102 lock_pid=74102 project=/Users/liujunying/Downloads/project/my-first
[2026-05-11 14:05:00] heartbeat pid=74102 lock_pid=74102 project=/Users/liujunying/Downloads/project/my-first
[2026-05-11 15:05:00] heartbeat pid=74102 lock_pid=74102 project=/Users/liujunying/Downloads/project/my-first
[2026-05-11 17:05:00] heartbeat pid=74102 lock_pid=74102 project=/Users/liujunying/Downloads/project/my-first
[2026-05-11 20:05:00] heartbeat pid=74102 lock_pid=74102 project=/Users/liujunying/Downloads/project/my-first
[2026-05-11 22:05:00] heartbeat pid=74102 lock_pid=74102 project=/Users/liujunying/Downloads/project/my-first
[2026-05-12 08:00:00] job_heartbeat stage=before job=refresh_trading_calendar pid=74102 lock_pid=74102
[2026-05-12 09:05:00] heartbeat pid=74102 lock_pid=74102 project=/Users/liujunying/Downloads/project/my-first
[2026-05-12 09:15:00] job_heartbeat stage=before job=preflight pid=74102 lock_pid=74102
[2026-05-12 09:45:00] job_heartbeat stage=before job=observe_morning pid=74102 lock_pid=74102
[2026-05-12 10:05:00] heartbeat pid=74102 lock_pid=74102 project=/Users/liujunying/Downloads/project/my-first
[2026-05-12 10:30:00] job_heartbeat stage=before job=watchlist_refresh_1030 pid=74102 lock_pid=74102
[2026-05-12 11:05:00] heartbeat pid=74102 lock_pid=74102 project=/Users/liujunying/Downloads/project/my-first
[2026-05-12 11:20:00] job_heartbeat stage=before job=watchlist_refresh_1120 pid=74102 lock_pid=74102
[2026-05-12 11:30:00] job_heartbeat stage=before job=track_positions_midday pid=74102 lock_pid=74102
[2026-05-12 12:05:00] heartbeat pid=74102 lock_pid=74102 project=/Users/liujunying/Downloads/project/my-first
[2026-05-12 13:05:00] heartbeat pid=74102 lock_pid=74102 project=/Users/liujunying/Downloads/project/my-first
[2026-05-12 13:20:00] job_heartbeat stage=before job=observe_afternoon pid=74102 lock_pid=74102
[2026-05-12 14:05:00] heartbeat pid=74102 lock_pid=74102 project=/Users/liujunying/Downloads/project/my-first
[2026-05-12 14:20:00] job_heartbeat stage=before job=watchlist_refresh_1420 pid=74102 lock_pid=74102
[2026-05-12 14:40:00] job_heartbeat stage=before job=observe_gate_v270 pid=74102 lock_pid=74102
[2026-05-12 14:50:00] job_heartbeat stage=before job=tail_confirm pid=74102 lock_pid=74102
[2026-05-12 14:52:00] job_heartbeat stage=before job=buy_bridge_v280 pid=74102 lock_pid=74102
[2026-05-12 14:55:00] job_heartbeat stage=before job=track_positions_tail pid=74102 lock_pid=74102
[2026-05-12 15:05:00] heartbeat pid=74102 lock_pid=74102 project=/Users/liujunying/Downloads/project/my-first
[2026-05-12 17:05:00] heartbeat pid=74102 lock_pid=74102 project=/Users/liujunying/Downloads/project/my-first
[2026-05-12 17:30:00] job_heartbeat stage=before job=after_close pid=74102 lock_pid=74102
[2026-05-12 20:00:00] job_heartbeat stage=before job=track_positions_evening pid=74102 lock_pid=74102
[2026-05-12 20:05:00] heartbeat pid=74102 lock_pid=74102 project=/Users/liujunying/Downloads/project/my-first
[2026-05-12 20:25:00] job_heartbeat stage=before job=daily_report_v290_build pid=74102 lock_pid=74102
[2026-05-12 20:30:00] job_heartbeat stage=before job=daily_report pid=74102 lock_pid=74102
[2026-05-12 22:05:00] heartbeat pid=74102 lock_pid=74102 project=/Users/liujunying/Downloads/project/my-first
[2026-05-12 22:30:00] job_heartbeat stage=before job=night_cache_expand pid=74102 lock_pid=74102
[2026-05-12 23:00:00] job_heartbeat stage=before job=daily_maintenance pid=74102 lock_pid=74102
[2026-05-13 09:05:00] heartbeat pid=74102 lock_pid=74102 project=/Users/liujunying/Downloads/project/my-first
[2026-05-13 09:15:00] job_heartbeat stage=before job=preflight pid=74102 lock_pid=74102
[2026-05-13 09:45:00] job_heartbeat stage=before job=observe_morning pid=74102 lock_pid=74102
[2026-05-13 10:05:00] heartbeat pid=74102 lock_pid=74102 project=/Users/liujunying/Downloads/project/my-first
[2026-05-13 10:30:00] job_heartbeat stage=before job=watchlist_refresh_1030 pid=74102 lock_pid=74102
[2026-05-13 11:05:00] heartbeat pid=74102 lock_pid=74102 project=/Users/liujunying/Downloads/project/my-first
[2026-05-13 11:20:00] job_heartbeat stage=before job=watchlist_refresh_1120 pid=74102 lock_pid=74102
[2026-05-13 11:30:00] job_heartbeat stage=before job=track_positions_midday pid=74102 lock_pid=74102
[2026-05-13 12:05:00] heartbeat pid=74102 lock_pid=74102 project=/Users/liujunying/Downloads/project/my-first
[2026-05-13 13:05:00] heartbeat pid=74102 lock_pid=74102 project=/Users/liujunying/Downloads/project/my-first
[2026-05-13 13:20:00] job_heartbeat stage=before job=observe_afternoon pid=74102 lock_pid=74102
[2026-05-13 14:05:00] heartbeat pid=74102 lock_pid=74102 project=/Users/liujunying/Downloads/project/my-first
[2026-05-13 14:20:00] job_heartbeat stage=before job=watchlist_refresh_1420 pid=74102 lock_pid=74102
[2026-05-13 14:40:00] job_heartbeat stage=before job=observe_gate_v270 pid=74102 lock_pid=74102
[2026-05-13 14:50:00] job_heartbeat stage=before job=tail_confirm pid=74102 lock_pid=74102
[2026-05-13 14:52:00] job_heartbeat stage=before job=buy_bridge_v280 pid=74102 lock_pid=74102
[2026-05-13 14:55:00] job_heartbeat stage=before job=track_positions_tail pid=74102 lock_pid=74102
[2026-05-13 15:05:00] heartbeat pid=74102 lock_pid=74102 project=/Users/liujunying/Downloads/project/my-first
[2026-05-15 12:29:03] job_heartbeat stage=before job=observe_morning pid=84272 lock_pid=84272
[2026-05-15 12:57:43] job_heartbeat stage=before job=after_close pid=2703 lock_pid=84272
[2026-05-15 13:05:00] heartbeat pid=84272 lock_pid=84272 project=/Users/liujunying/Downloads/project/my-first
[2026-05-15 13:20:00] job_heartbeat stage=before job=observe_afternoon pid=84272 lock_pid=84272
[2026-05-15 14:05:00] heartbeat pid=84272 lock_pid=84272 project=/Users/liujunying/Downloads/project/my-first
[2026-05-15 14:20:00] job_heartbeat stage=before job=watchlist_refresh_1420 pid=7062 lock_pid=7062
[2026-05-15 14:25:49] job_heartbeat stage=before job=tail_confirm pid=11756 lock_pid=7062
[2026-05-15 14:40:00] job_heartbeat stage=before job=observe_gate_v270 pid=7062 lock_pid=7062
[2026-05-15 14:50:00] job_heartbeat stage=before job=tail_confirm pid=7062 lock_pid=7062
[2026-05-15 14:52:00] job_heartbeat stage=before job=buy_bridge_v280 pid=7062 lock_pid=7062
[2026-05-15 15:05:00] heartbeat pid=16716 lock_pid=16716 project=/Users/liujunying/Downloads/project/my-first
[2026-05-15 17:05:00] heartbeat pid=25172 lock_pid=25172 project=/Users/liujunying/Downloads/project/my-first
[2026-05-15 17:30:00] job_heartbeat stage=before job=after_close pid=25172 lock_pid=25172
[2026-05-15 20:00:00] job_heartbeat stage=before job=track_positions_evening pid=48215 lock_pid=48215
[2026-05-15 20:05:00] heartbeat pid=48215 lock_pid=48215 project=/Users/liujunying/Downloads/project/my-first
[2026-05-15 20:25:00] job_heartbeat stage=before job=daily_report_v290_build pid=29008 lock_pid=29008
[2026-05-15 20:30:00] job_heartbeat stage=before job=daily_report pid=29008 lock_pid=29008
[2026-05-15 21:00:00] job_heartbeat stage=before job=ml_monitor_check pid=29008 lock_pid=29008
[2026-05-15 22:05:00] heartbeat pid=29008 lock_pid=29008 project=/Users/liujunying/Downloads/project/my-first
[2026-05-15 22:30:00] job_heartbeat stage=before job=night_cache_expand pid=29008 lock_pid=29008
[2026-05-15 23:00:00] job_heartbeat stage=before job=daily_maintenance pid=29008 lock_pid=29008
