================================================================================
A股二买系统自动调度器已启动
项目目录：/Users/liujunying/Downloads/project/my-first
Python：/Users/liujunying/.pyenv/versions/3.11.1/bin/python
时区：Asia/Shanghai
日志目录：/Users/liujunying/Downloads/project/my-first/logs/scheduler
单例锁：/Users/liujunying/Downloads/project/my-first/data/scheduler_state/scheduler.lock
PID：86569
================================================================================
可用任务：
- preflight
  /Users/liujunying/.pyenv/versions/3.11.1/bin/python run_scan.py --coverage
- observe_morning
  /Users/liujunying/.pyenv/versions/3.11.1/bin/python run_scan.py --mode observe --workers 1
- watchlist_refresh_1030
  /Users/liujunying/.pyenv/versions/3.11.1/bin/python run_scan.py --watchlist-refresh --workers 1
- watchlist_refresh_1120
  /Users/liujunying/.pyenv/versions/3.11.1/bin/python run_scan.py --watchlist-refresh --workers 1
- observe_afternoon
  /Users/liujunying/.pyenv/versions/3.11.1/bin/python run_scan.py --mode observe --workers 1
- watchlist_refresh_1420
  /Users/liujunying/.pyenv/versions/3.11.1/bin/python run_scan.py --watchlist-refresh --workers 1
- tail_confirm
  /Users/liujunying/.pyenv/versions/3.11.1/bin/python scripts/run_v270_jobs_once.py --job tail
- buy_bridge_v280
  /Users/liujunying/.pyenv/versions/3.11.1/bin/python scripts/build_buy_bridge_v280.py
- observe_gate_v270
  /Users/liujunying/.pyenv/versions/3.11.1/bin/python scripts/run_v270_jobs_once.py --job observe
- after_close
  /Users/liujunying/.pyenv/versions/3.11.1/bin/python run_scan.py --refresh-daily-existing --daily-limit 1200 --daily-workers 1
  /Users/liujunying/.pyenv/versions/3.11.1/bin/python run_scan.py --build-universe --workers 1
  /Users/liujunying/.pyenv/versions/3.11.1/bin/python run_scan.py --mode after_close --workers 1
- daily_report
  /Users/liujunying/.pyenv/versions/3.11.1/bin/python run_scan.py --daily-report
- daily_report_v290_build
  /Users/liujunying/.pyenv/versions/3.11.1/bin/python scripts/build_daily_report_v290.py
- night_cache_expand
  /Users/liujunying/.pyenv/versions/3.11.1/bin/python run_scan.py --build-daily-cache --daily-limit 300 --daily-workers 1
- track_positions_midday
  /Users/liujunying/.pyenv/versions/3.11.1/bin/python run_positions.py --track
- track_positions_tail
  /Users/liujunying/.pyenv/versions/3.11.1/bin/python run_positions.py --track
- track_positions_evening
  /Users/liujunying/.pyenv/versions/3.11.1/bin/python run_positions.py --track

默认调度时间：
- 09:15 preflight
- 09:45 observe_morning
- 10:30 watchlist_refresh_1030
- 11:20 watchlist_refresh_1120
- 11:30 track_positions_midday
- 11:31 paper_track_midday
- 13:20 observe_afternoon
- 14:20 watchlist_refresh_1420
- 14:40 observe_gate_v270
- 14:50 tail_confirm
- 14:52 buy_bridge_v280
- 14:55 track_positions_tail
- 14:56 paper_track_tail
- 17:30 after_close
- 20:00 track_positions_evening
- 20:01 paper_track_evening
- 20:25 daily_report_v290_build
- 20:30 daily_report
- 22:30 night_cache_expand
================================================================================
按 Ctrl+C 停止调度器
================================================================================
[2026-04-30 17:05:00] heartbeat pid=86569 lock_pid=86569 project=/Users/liujunying/Downloads/project/my-first
[2026-04-30 17:30:00] job_heartbeat stage=before job=after_close pid=86569 lock_pid=86569
[2026-04-30 17:30:00] after_close -> /Users/liujunying/.pyenv/versions/3.11.1/bin/python run_scan.py --refresh-daily-existing --daily-limit 1200 --daily-workers 1
[2026-04-30 18:21:32] after_close -> /Users/liujunying/.pyenv/versions/3.11.1/bin/python run_scan.py --build-universe --workers 1
[2026-04-30 18:21:34] after_close -> /Users/liujunying/.pyenv/versions/3.11.1/bin/python run_scan.py --mode after_close --workers 1
[2026-04-30 18:24:38] 任务完成：after_close
[2026-04-30 20:00:00] job_heartbeat stage=before job=track_positions_evening pid=86569 lock_pid=86569
[2026-04-30 20:00:00] track_positions_evening -> /Users/liujunying/.pyenv/versions/3.11.1/bin/python run_positions.py --track
[2026-04-30 20:00:01] 任务完成：track_positions_evening
未知任务：paper_track_evening
[2026-04-30 20:05:00] heartbeat pid=86569 lock_pid=86569 project=/Users/liujunying/Downloads/project/my-first
[2026-04-30 20:25:00] job_heartbeat stage=before job=daily_report_v290_build pid=86569 lock_pid=86569
[2026-04-30 20:25:00] daily_report_v290_build -> /Users/liujunying/.pyenv/versions/3.11.1/bin/python scripts/build_daily_report_v290.py
[2026-04-30 20:25:00] 任务完成：daily_report_v290_build
[2026-04-30 20:30:00] job_heartbeat stage=before job=daily_report pid=86569 lock_pid=86569
[2026-04-30 20:30:00] daily_report -> /Users/liujunying/.pyenv/versions/3.11.1/bin/python run_scan.py --daily-report
[2026-04-30 20:30:06] 任务完成：daily_report
[2026-04-30 22:05:00] heartbeat pid=86569 lock_pid=86569 project=/Users/liujunying/Downloads/project/my-first
[2026-04-30 22:30:00] job_heartbeat stage=before job=night_cache_expand pid=86569 lock_pid=86569
[2026-04-30 22:30:00] night_cache_expand -> /Users/liujunying/.pyenv/versions/3.11.1/bin/python run_scan.py --build-daily-cache --daily-limit 300 --daily-workers 1
[2026-04-30 22:31:01] 任务完成：night_cache_expand
[2026-05-01 09:05:00] heartbeat pid=86569 lock_pid=86569 project=/Users/liujunying/Downloads/project/my-first
[2026-05-01 09:15:00] job_heartbeat stage=before job=preflight pid=86569 lock_pid=86569
[2026-05-01 09:15:00] preflight -> /Users/liujunying/.pyenv/versions/3.11.1/bin/python run_scan.py --coverage
[2026-05-01 09:15:00] 任务完成：preflight
[2026-05-01 09:45:00] job_heartbeat stage=before job=observe_morning pid=86569 lock_pid=86569
[2026-05-01 09:45:00] observe_morning -> /Users/liujunying/.pyenv/versions/3.11.1/bin/python run_scan.py --mode observe --workers 1
[2026-05-01 09:45:34] 任务完成：observe_morning
[2026-05-01 10:05:00] heartbeat pid=86569 lock_pid=86569 project=/Users/liujunying/Downloads/project/my-first
[2026-05-01 10:30:00] job_heartbeat stage=before job=watchlist_refresh_1030 pid=86569 lock_pid=86569
[2026-05-01 10:30:00] watchlist_refresh_1030 -> /Users/liujunying/.pyenv/versions/3.11.1/bin/python run_scan.py --watchlist-refresh --workers 1
[2026-05-01 10:30:32] 任务完成：watchlist_refresh_1030
[2026-05-01 11:05:00] heartbeat pid=86569 lock_pid=86569 project=/Users/liujunying/Downloads/project/my-first
[2026-05-01 11:20:00] job_heartbeat stage=before job=watchlist_refresh_1120 pid=86569 lock_pid=86569
[2026-05-01 11:20:00] watchlist_refresh_1120 -> /Users/liujunying/.pyenv/versions/3.11.1/bin/python run_scan.py --watchlist-refresh --workers 1
[2026-05-01 11:20:35] 任务完成：watchlist_refresh_1120
[2026-05-01 11:30:00] job_heartbeat stage=before job=track_positions_midday pid=86569 lock_pid=86569
[2026-05-01 11:30:00] track_positions_midday -> /Users/liujunying/.pyenv/versions/3.11.1/bin/python run_positions.py --track
[2026-05-01 11:30:00] 任务完成：track_positions_midday
未知任务：paper_track_midday
[2026-05-01 12:05:00] heartbeat pid=86569 lock_pid=86569 project=/Users/liujunying/Downloads/project/my-first
[2026-05-01 13:05:00] heartbeat pid=86569 lock_pid=86569 project=/Users/liujunying/Downloads/project/my-first
[2026-05-01 13:20:00] job_heartbeat stage=before job=observe_afternoon pid=86569 lock_pid=86569
[2026-05-01 13:20:00] observe_afternoon -> /Users/liujunying/.pyenv/versions/3.11.1/bin/python run_scan.py --mode observe --workers 1
[2026-05-01 13:20:32] 任务完成：observe_afternoon
[2026-05-01 14:05:00] heartbeat pid=86569 lock_pid=86569 project=/Users/liujunying/Downloads/project/my-first
[2026-05-01 14:20:00] job_heartbeat stage=before job=watchlist_refresh_1420 pid=86569 lock_pid=86569
[2026-05-01 14:20:00] watchlist_refresh_1420 -> /Users/liujunying/.pyenv/versions/3.11.1/bin/python run_scan.py --watchlist-refresh --workers 1
[2026-05-01 14:20:35] 任务完成：watchlist_refresh_1420
[2026-05-01 14:40:00] job_heartbeat stage=before job=observe_gate_v270 pid=86569 lock_pid=86569
[2026-05-01 14:40:00] observe_gate_v270 -> /Users/liujunying/.pyenv/versions/3.11.1/bin/python scripts/run_v270_jobs_once.py --job observe
[2026-05-01 14:40:09] 任务完成：observe_gate_v270
[2026-05-01 14:50:00] job_heartbeat stage=before job=tail_confirm pid=86569 lock_pid=86569
[2026-05-01 14:50:00] tail_confirm -> /Users/liujunying/.pyenv/versions/3.11.1/bin/python scripts/run_v270_jobs_once.py --job tail
[2026-05-01 14:50:00] 任务完成：tail_confirm
[2026-05-01 14:52:00] job_heartbeat stage=before job=buy_bridge_v280 pid=86569 lock_pid=86569
[2026-05-01 14:52:00] buy_bridge_v280 -> /Users/liujunying/.pyenv/versions/3.11.1/bin/python scripts/build_buy_bridge_v280.py
[2026-05-01 14:52:00] 任务完成：buy_bridge_v280
[2026-05-01 14:55:00] job_heartbeat stage=before job=track_positions_tail pid=86569 lock_pid=86569
[2026-05-01 14:55:00] track_positions_tail -> /Users/liujunying/.pyenv/versions/3.11.1/bin/python run_positions.py --track
[2026-05-01 14:55:00] 任务完成：track_positions_tail
未知任务：paper_track_tail
[2026-05-01 15:05:00] heartbeat pid=86569 lock_pid=86569 project=/Users/liujunying/Downloads/project/my-first
[2026-05-01 17:05:00] heartbeat pid=86569 lock_pid=86569 project=/Users/liujunying/Downloads/project/my-first
[2026-05-01 17:30:00] job_heartbeat stage=before job=after_close pid=86569 lock_pid=86569
[2026-05-01 17:30:00] after_close -> /Users/liujunying/.pyenv/versions/3.11.1/bin/python run_scan.py --refresh-daily-existing --daily-limit 1200 --daily-workers 1
[2026-05-01 17:50:12] after_close -> /Users/liujunying/.pyenv/versions/3.11.1/bin/python run_scan.py --build-universe --workers 1
[2026-05-01 17:50:13] after_close -> /Users/liujunying/.pyenv/versions/3.11.1/bin/python run_scan.py --mode after_close --workers 1
[2026-05-01 17:51:45] 任务完成：after_close
[2026-05-01 20:00:00] job_heartbeat stage=before job=track_positions_evening pid=86569 lock_pid=86569
[2026-05-01 20:00:00] track_positions_evening -> /Users/liujunying/.pyenv/versions/3.11.1/bin/python run_positions.py --track
[2026-05-01 20:00:00] 任务完成：track_positions_evening
未知任务：paper_track_evening
[2026-05-01 20:05:00] heartbeat pid=86569 lock_pid=86569 project=/Users/liujunying/Downloads/project/my-first
[2026-05-01 20:25:00] job_heartbeat stage=before job=daily_report_v290_build pid=86569 lock_pid=86569
[2026-05-01 20:25:00] daily_report_v290_build -> /Users/liujunying/.pyenv/versions/3.11.1/bin/python scripts/build_daily_report_v290.py
[2026-05-01 20:25:00] 任务完成：daily_report_v290_build
[2026-05-01 20:30:00] job_heartbeat stage=before job=daily_report pid=86569 lock_pid=86569
[2026-05-01 20:30:00] daily_report -> /Users/liujunying/.pyenv/versions/3.11.1/bin/python run_scan.py --daily-report
[2026-05-01 20:30:06] 任务完成：daily_report
[2026-05-01 22:05:00] heartbeat pid=86569 lock_pid=86569 project=/Users/liujunying/Downloads/project/my-first
[2026-05-01 22:30:00] job_heartbeat stage=before job=night_cache_expand pid=86569 lock_pid=86569
[2026-05-01 22:30:00] night_cache_expand -> /Users/liujunying/.pyenv/versions/3.11.1/bin/python run_scan.py --build-daily-cache --daily-limit 300 --daily-workers 1
[2026-05-01 22:30:59] 任务完成：night_cache_expand
[2026-05-04 09:05:01] heartbeat pid=86569 lock_pid=86569 project=/Users/liujunying/Downloads/project/my-first
[2026-05-04 09:15:00] job_heartbeat stage=before job=preflight pid=86569 lock_pid=86569
[2026-05-04 09:15:00] preflight -> /Users/liujunying/.pyenv/versions/3.11.1/bin/python run_scan.py --coverage
[2026-05-04 09:15:00] 任务完成：preflight
[2026-05-04 09:45:00] job_heartbeat stage=before job=observe_morning pid=86569 lock_pid=86569
[2026-05-04 09:45:00] observe_morning -> /Users/liujunying/.pyenv/versions/3.11.1/bin/python run_scan.py --mode observe --workers 1
[2026-05-04 09:45:33] 任务完成：observe_morning
[2026-05-04 10:05:00] heartbeat pid=86569 lock_pid=86569 project=/Users/liujunying/Downloads/project/my-first
[2026-05-04 10:30:00] job_heartbeat stage=before job=watchlist_refresh_1030 pid=86569 lock_pid=86569
[2026-05-04 10:30:00] watchlist_refresh_1030 -> /Users/liujunying/.pyenv/versions/3.11.1/bin/python run_scan.py --watchlist-refresh --workers 1
[2026-05-04 10:30:33] 任务完成：watchlist_refresh_1030
[2026-05-04 11:05:00] heartbeat pid=86569 lock_pid=86569 project=/Users/liujunying/Downloads/project/my-first
[2026-05-04 11:20:00] job_heartbeat stage=before job=watchlist_refresh_1120 pid=86569 lock_pid=86569
[2026-05-04 11:20:00] watchlist_refresh_1120 -> /Users/liujunying/.pyenv/versions/3.11.1/bin/python run_scan.py --watchlist-refresh --workers 1
[2026-05-04 11:20:33] 任务完成：watchlist_refresh_1120
[2026-05-04 11:30:00] job_heartbeat stage=before job=track_positions_midday pid=86569 lock_pid=86569
[2026-05-04 11:30:00] track_positions_midday -> /Users/liujunying/.pyenv/versions/3.11.1/bin/python run_positions.py --track
[2026-05-04 11:30:01] 任务完成：track_positions_midday
未知任务：paper_track_midday
[2026-05-04 12:05:00] heartbeat pid=86569 lock_pid=86569 project=/Users/liujunying/Downloads/project/my-first
[2026-05-04 13:05:00] heartbeat pid=86569 lock_pid=86569 project=/Users/liujunying/Downloads/project/my-first
[2026-05-04 13:20:00] job_heartbeat stage=before job=observe_afternoon pid=86569 lock_pid=86569
[2026-05-04 13:20:00] observe_afternoon -> /Users/liujunying/.pyenv/versions/3.11.1/bin/python run_scan.py --mode observe --workers 1
[2026-05-04 13:20:32] 任务完成：observe_afternoon
[2026-05-04 14:05:00] heartbeat pid=86569 lock_pid=86569 project=/Users/liujunying/Downloads/project/my-first
[2026-05-04 14:20:00] job_heartbeat stage=before job=watchlist_refresh_1420 pid=86569 lock_pid=86569
[2026-05-04 14:20:00] watchlist_refresh_1420 -> /Users/liujunying/.pyenv/versions/3.11.1/bin/python run_scan.py --watchlist-refresh --workers 1
[2026-05-04 14:20:32] 任务完成：watchlist_refresh_1420
[2026-05-04 14:40:00] job_heartbeat stage=before job=observe_gate_v270 pid=86569 lock_pid=86569
[2026-05-04 14:40:00] observe_gate_v270 -> /Users/liujunying/.pyenv/versions/3.11.1/bin/python scripts/run_v270_jobs_once.py --job observe
[2026-05-04 14:40:09] 任务完成：observe_gate_v270
[2026-05-04 14:50:00] job_heartbeat stage=before job=tail_confirm pid=86569 lock_pid=86569
[2026-05-04 14:50:00] tail_confirm -> /Users/liujunying/.pyenv/versions/3.11.1/bin/python scripts/run_v270_jobs_once.py --job tail
[2026-05-04 14:50:00] 任务完成：tail_confirm
[2026-05-04 14:52:00] job_heartbeat stage=before job=buy_bridge_v280 pid=86569 lock_pid=86569
[2026-05-04 14:52:00] buy_bridge_v280 -> /Users/liujunying/.pyenv/versions/3.11.1/bin/python scripts/build_buy_bridge_v280.py
[2026-05-04 14:52:00] 任务完成：buy_bridge_v280
[2026-05-04 14:55:00] job_heartbeat stage=before job=track_positions_tail pid=86569 lock_pid=86569
[2026-05-04 14:55:00] track_positions_tail -> /Users/liujunying/.pyenv/versions/3.11.1/bin/python run_positions.py --track
[2026-05-04 14:55:00] 任务完成：track_positions_tail
未知任务：paper_track_tail
[2026-05-04 15:05:00] heartbeat pid=86569 lock_pid=86569 project=/Users/liujunying/Downloads/project/my-first
[2026-05-04 17:05:00] heartbeat pid=86569 lock_pid=86569 project=/Users/liujunying/Downloads/project/my-first
[2026-05-04 17:30:00] job_heartbeat stage=before job=after_close pid=86569 lock_pid=86569
[2026-05-04 17:30:00] after_close -> /Users/liujunying/.pyenv/versions/3.11.1/bin/python run_scan.py --refresh-daily-existing --daily-limit 1200 --daily-workers 1
[2026-05-04 17:50:13] after_close -> /Users/liujunying/.pyenv/versions/3.11.1/bin/python run_scan.py --build-universe --workers 1
[2026-05-04 17:50:13] after_close -> /Users/liujunying/.pyenv/versions/3.11.1/bin/python run_scan.py --mode after_close --workers 1
[2026-05-04 17:51:46] 任务完成：after_close
[2026-05-04 20:00:00] job_heartbeat stage=before job=track_positions_evening pid=86569 lock_pid=86569
[2026-05-04 20:00:00] track_positions_evening -> /Users/liujunying/.pyenv/versions/3.11.1/bin/python run_positions.py --track
[2026-05-04 20:00:00] 任务完成：track_positions_evening
未知任务：paper_track_evening
[2026-05-04 20:05:00] heartbeat pid=86569 lock_pid=86569 project=/Users/liujunying/Downloads/project/my-first
[2026-05-04 20:25:00] job_heartbeat stage=before job=daily_report_v290_build pid=86569 lock_pid=86569
[2026-05-04 20:25:00] daily_report_v290_build -> /Users/liujunying/.pyenv/versions/3.11.1/bin/python scripts/build_daily_report_v290.py
[2026-05-04 20:25:00] 任务完成：daily_report_v290_build
[2026-05-04 20:30:00] job_heartbeat stage=before job=daily_report pid=86569 lock_pid=86569
[2026-05-04 20:30:00] daily_report -> /Users/liujunying/.pyenv/versions/3.11.1/bin/python run_scan.py --daily-report
[2026-05-04 20:30:06] 任务完成：daily_report
[2026-05-04 22:05:00] heartbeat pid=86569 lock_pid=86569 project=/Users/liujunying/Downloads/project/my-first
[2026-05-04 22:30:00] job_heartbeat stage=before job=night_cache_expand pid=86569 lock_pid=86569
[2026-05-04 22:30:00] night_cache_expand -> /Users/liujunying/.pyenv/versions/3.11.1/bin/python run_scan.py --build-daily-cache --daily-limit 300 --daily-workers 1
[2026-05-04 22:31:00] 任务完成：night_cache_expand
[2026-05-05 09:05:00] heartbeat pid=86569 lock_pid=86569 project=/Users/liujunying/Downloads/project/my-first
[2026-05-05 09:15:00] job_heartbeat stage=before job=preflight pid=86569 lock_pid=86569
[2026-05-05 09:15:00] preflight -> /Users/liujunying/.pyenv/versions/3.11.1/bin/python run_scan.py --coverage
[2026-05-05 09:15:00] 任务完成：preflight
[2026-05-05 09:45:00] job_heartbeat stage=before job=observe_morning pid=86569 lock_pid=86569
[2026-05-05 09:45:00] observe_morning -> /Users/liujunying/.pyenv/versions/3.11.1/bin/python run_scan.py --mode observe --workers 1
[2026-05-05 09:45:32] 任务完成：observe_morning
[2026-05-05 10:05:00] heartbeat pid=86569 lock_pid=86569 project=/Users/liujunying/Downloads/project/my-first
[2026-05-05 10:30:00] job_heartbeat stage=before job=watchlist_refresh_1030 pid=86569 lock_pid=86569
[2026-05-05 10:30:00] watchlist_refresh_1030 -> /Users/liujunying/.pyenv/versions/3.11.1/bin/python run_scan.py --watchlist-refresh --workers 1
[2026-05-05 10:30:33] 任务完成：watchlist_refresh_1030
[2026-05-05 11:05:00] heartbeat pid=86569 lock_pid=86569 project=/Users/liujunying/Downloads/project/my-first
[2026-05-05 11:20:00] job_heartbeat stage=before job=watchlist_refresh_1120 pid=86569 lock_pid=86569
[2026-05-05 11:20:00] watchlist_refresh_1120 -> /Users/liujunying/.pyenv/versions/3.11.1/bin/python run_scan.py --watchlist-refresh --workers 1
[2026-05-05 11:20:33] 任务完成：watchlist_refresh_1120
[2026-05-05 11:30:00] job_heartbeat stage=before job=track_positions_midday pid=86569 lock_pid=86569
[2026-05-05 11:30:00] track_positions_midday -> /Users/liujunying/.pyenv/versions/3.11.1/bin/python run_positions.py --track
[2026-05-05 11:30:01] 任务完成：track_positions_midday
未知任务：paper_track_midday
[2026-05-05 12:05:00] heartbeat pid=86569 lock_pid=86569 project=/Users/liujunying/Downloads/project/my-first
[2026-05-05 13:05:00] heartbeat pid=86569 lock_pid=86569 project=/Users/liujunying/Downloads/project/my-first
[2026-05-05 13:20:00] job_heartbeat stage=before job=observe_afternoon pid=86569 lock_pid=86569
[2026-05-05 13:20:00] observe_afternoon -> /Users/liujunying/.pyenv/versions/3.11.1/bin/python run_scan.py --mode observe --workers 1
[2026-05-05 13:20:32] 任务完成：observe_afternoon
[2026-05-05 14:05:00] heartbeat pid=86569 lock_pid=86569 project=/Users/liujunying/Downloads/project/my-first
[2026-05-05 14:20:00] job_heartbeat stage=before job=watchlist_refresh_1420 pid=86569 lock_pid=86569
[2026-05-05 14:20:00] watchlist_refresh_1420 -> /Users/liujunying/.pyenv/versions/3.11.1/bin/python run_scan.py --watchlist-refresh --workers 1
[2026-05-05 14:20:35] 任务完成：watchlist_refresh_1420
[2026-05-05 14:40:00] job_heartbeat stage=before job=observe_gate_v270 pid=86569 lock_pid=86569
[2026-05-05 14:40:00] observe_gate_v270 -> /Users/liujunying/.pyenv/versions/3.11.1/bin/python scripts/run_v270_jobs_once.py --job observe
[2026-05-05 14:40:07] 任务完成：observe_gate_v270
[2026-05-05 14:50:00] job_heartbeat stage=before job=tail_confirm pid=86569 lock_pid=86569
[2026-05-05 14:50:00] tail_confirm -> /Users/liujunying/.pyenv/versions/3.11.1/bin/python scripts/run_v270_jobs_once.py --job tail
[2026-05-05 14:50:00] 任务完成：tail_confirm
[2026-05-05 14:52:00] job_heartbeat stage=before job=buy_bridge_v280 pid=86569 lock_pid=86569
[2026-05-05 14:52:00] buy_bridge_v280 -> /Users/liujunying/.pyenv/versions/3.11.1/bin/python scripts/build_buy_bridge_v280.py
[2026-05-05 14:52:00] 任务完成：buy_bridge_v280
[2026-05-05 14:55:00] job_heartbeat stage=before job=track_positions_tail pid=86569 lock_pid=86569
[2026-05-05 14:55:00] track_positions_tail -> /Users/liujunying/.pyenv/versions/3.11.1/bin/python run_positions.py --track
[2026-05-05 14:55:01] 任务完成：track_positions_tail
未知任务：paper_track_tail
[2026-05-05 15:05:00] heartbeat pid=86569 lock_pid=86569 project=/Users/liujunying/Downloads/project/my-first
[2026-05-05 17:05:00] heartbeat pid=86569 lock_pid=86569 project=/Users/liujunying/Downloads/project/my-first
[2026-05-05 17:30:00] job_heartbeat stage=before job=after_close pid=86569 lock_pid=86569
[2026-05-05 17:30:00] after_close -> /Users/liujunying/.pyenv/versions/3.11.1/bin/python run_scan.py --refresh-daily-existing --daily-limit 1200 --daily-workers 1
[2026-05-05 17:50:10] after_close -> /Users/liujunying/.pyenv/versions/3.11.1/bin/python run_scan.py --build-universe --workers 1
[2026-05-05 17:50:10] after_close -> /Users/liujunying/.pyenv/versions/3.11.1/bin/python run_scan.py --mode after_close --workers 1
[2026-05-05 17:51:52] 任务完成：after_close
[2026-05-05 20:00:00] job_heartbeat stage=before job=track_positions_evening pid=86569 lock_pid=86569
[2026-05-05 20:00:00] track_positions_evening -> /Users/liujunying/.pyenv/versions/3.11.1/bin/python run_positions.py --track
[2026-05-05 20:00:02] 任务完成：track_positions_evening
未知任务：paper_track_evening
[2026-05-05 20:05:00] heartbeat pid=86569 lock_pid=86569 project=/Users/liujunying/Downloads/project/my-first
[2026-05-05 20:25:00] job_heartbeat stage=before job=daily_report_v290_build pid=86569 lock_pid=86569
[2026-05-05 20:25:00] daily_report_v290_build -> /Users/liujunying/.pyenv/versions/3.11.1/bin/python scripts/build_daily_report_v290.py
[2026-05-05 20:25:00] 任务完成：daily_report_v290_build
[2026-05-05 20:30:00] job_heartbeat stage=before job=daily_report pid=86569 lock_pid=86569
[2026-05-05 20:30:00] daily_report -> /Users/liujunying/.pyenv/versions/3.11.1/bin/python run_scan.py --daily-report
[2026-05-05 20:30:05] 任务完成：daily_report
[2026-05-05 22:05:00] heartbeat pid=86569 lock_pid=86569 project=/Users/liujunying/Downloads/project/my-first
[2026-05-05 22:30:00] job_heartbeat stage=before job=night_cache_expand pid=86569 lock_pid=86569
[2026-05-05 22:30:00] night_cache_expand -> /Users/liujunying/.pyenv/versions/3.11.1/bin/python run_scan.py --build-daily-cache --daily-limit 300 --daily-workers 1
[2026-05-05 22:30:59] 任务完成：night_cache_expand
[2026-05-06 09:05:00] heartbeat pid=86569 lock_pid=86569 project=/Users/liujunying/Downloads/project/my-first
[2026-05-06 09:15:00] job_heartbeat stage=before job=preflight pid=86569 lock_pid=86569
[2026-05-06 09:15:00] preflight -> /Users/liujunying/.pyenv/versions/3.11.1/bin/python run_scan.py --coverage
[2026-05-06 09:15:02] 任务完成：preflight
[2026-05-06 09:45:00] job_heartbeat stage=before job=observe_morning pid=86569 lock_pid=86569
[2026-05-06 09:45:00] observe_morning -> /Users/liujunying/.pyenv/versions/3.11.1/bin/python run_scan.py --mode observe --workers 1
[2026-05-06 09:47:58] 任务完成：observe_morning
[2026-05-06 10:05:00] heartbeat pid=86569 lock_pid=86569 project=/Users/liujunying/Downloads/project/my-first
[2026-05-06 10:25:43] 收到退出信号 15，清理 scheduler.lock
调度器退出。
