
################################################################################
[2026-05-04 09:45:00] JOB START: observe_morning
################################################################################

================================================================================
[2026-05-04 09:45:00] START COMMAND: /Users/liujunying/.pyenv/versions/3.11.1/bin/python run_scan.py --mode observe --workers 1
[2026-05-04 09:45:00] TIMEOUT: 1200
================================================================================
2026-05-04 09:45:00 | INFO | a_stock | 日志初始化完成：run_id=20260504_094500, log_dir=logs, reject_file=logs/rejects_20260504_094500.csv, raw_bad_rows_file=logs/raw_bad_rows_20260504_094500.jsonl
2026-05-04 09:45:00 | INFO | a_stock | run_scan 启动
======================================================================
📈 大盘状态：强势 | 双指数强势，可正常筛选，优先强势板块
上证：2026-04-30 close=4112.16 ma20=4112.16 ma60=4112.16 data=after_close+local_ma
创业板：2026-04-30 close=3677.15 ma20=3677.15 ma60=3677.15 data=after_close+local_ma
======================================================================
2026-05-04 09:45:01 | INFO | a_stock | 使用股票池缓存：1479 只
2026-05-04 09:45:01 | WARNING | a_stock | 板块过滤失败：filter_universe_by_strong_sector() got an unexpected keyword argument 'market_state'
⚠️ 板块过滤失败，调试模式跳过板块过滤继续扫描
2026-05-04 09:45:01 | WARNING | a_stock | 周线过滤失败：filter_by_weekly_trend() got an unexpected keyword argument 'strict'
⚠️ 周线过滤失败，调试模式跳过周线过滤继续扫描
实时行情刷新结果：请求=1479 成功=1474 成功率=99.66% fresh=0 stale=1479 最新=2026-04-30 16:30:00
2026-05-04 09:45:32 | INFO | a_stock | 实时行情刷新结果：请求=1479 成功=1474 成功率=99.66% fresh=0 stale=1479 最新=2026-04-30 16:30:00
⚠️ 实时行情刷新失败或成功率过低，本轮盘中扫描停止，避免使用旧数据出信号
2026-05-04 09:45:32 | ERROR | a_stock | 实时行情刷新失败，本轮停止：{'requested': 1479, 'success': 1474, 'failed': 5, 'success_rate': 0.9966193373901284, 'newest_quote_time': '2026-04-30 16:30:00', 'ok': False, 'message': '实时行情刷新结果：请求=1479 成功=1474 成功率=99.66% fresh=0 stale=1479 最新=2026-04-30 16:30:00', 'fresh': 0, 'stale': 1479, 'missing': 0, 'fresh_rate': 0.0}

======================================================================
📤 企业微信通知 | A股二买交易助手 | TRADE_SCAN | pages=1
======================================================================
----- page 1/1 | chars=135 | bytes=273 -----
【A股二买交易助手｜交易信号】
【盘中观察候选】
大盘：强势 | 双指数强势，可正常筛选，优先强势板块
行情快照：2026-04-30 16:30:00 | 实时行情：1474/1479 成功率:99.66% fresh:0 stale:1479
今日无符合条件的股票。
======================================================================
✅ 企业微信返回 page=1/1 chars=135 bytes=273：{'errcode': 0, 'errmsg': 'ok', '_bytes': 273}
[2026-05-04 09:45:33] END COMMAND returncode=0
[2026-05-04 09:45:33] JOB DONE: observe_morning
