
################################################################################
[2026-05-05 14:40:00] JOB START: observe_gate_v270
################################################################################

================================================================================
[2026-05-05 14:40:00] START COMMAND: /Users/liujunying/.pyenv/versions/3.11.1/bin/python scripts/run_v270_jobs_once.py --job observe
[2026-05-05 14:40:00] TIMEOUT: None
================================================================================
【v2.7.0 job 执行完成】
{
  "trade_date": "2026-05-05",
  "input_rows": 138,
  "quality_rows": 138,
  "tail_focus_rows": 0,
  "low_priority_rows": 138,
  "output_quality_path": "/Users/liujunying/Downloads/project/my-first/data/watchlist_quality.parquet",
  "output_tail_focus_path": "/Users/liujunying/Downloads/project/my-first/data/watchlist_tail_focus.parquet",
  "output_low_priority_path": "/Users/liujunying/Downloads/project/my-first/data/watchlist_low_priority.parquet",
  "summary_json_path": "/Users/liujunying/Downloads/project/my-first/data/reports/observe_gate_summary_2026-05-05.json",
  "summary_md_path": "/Users/liujunying/Downloads/project/my-first/data/reports/observe_gate_summary_2026-05-05.md",
  "summary": {
    "trade_date": "2026-05-05",
    "total": 138,
    "tail_focus_count": 0,
    "low_priority_count": 138,
    "quality_counter": {
      "reject_bad_data": 138
    },
    "risk_bucket_counter": {
      "<=5": 3,
      "5-8": 7,
      "8-12": 16,
      "12-20": 56,
      "20-30": 39,
      ">30": 17
    },
    "status_counter": {
      "REJECTED": 138
    },
    "tail_focus_symbols": []
  }
}
[2026-05-05 14:40:07] END COMMAND returncode=0
[2026-05-05 14:40:07] JOB DONE: observe_gate_v270
