
################################################################################
[2026-05-06 11:20:00] JOB START: watchlist_refresh_1120
################################################################################

================================================================================
[2026-05-06 11:20:00] START COMMAND: /Users/liujunying/.pyenv/versions/3.11.1/bin/python run_scan.py --watchlist-refresh --workers 1
[2026-05-06 11:20:00] TIMEOUT: 600
================================================================================
2026-05-06 11:20:00 | INFO | a_stock | 日志初始化完成：run_id=20260506_112000, log_dir=logs, reject_file=logs/rejects_20260506_112000.csv, raw_bad_rows_file=logs/raw_bad_rows_20260506_112000.jsonl
2026-05-06 11:20:00 | INFO | a_stock | run_scan 启动
======================================================================
📈 大盘状态：强势 | 双指数强势，可正常筛选，优先强势板块
上证：2026-05-06 close=4163.83 ma20=4163.83 ma60=4163.83 data=intraday+local_ma
创业板：2026-05-06 close=3801.22 ma20=3801.22 ma60=3801.22 data=intraday+local_ma
======================================================================
2026-05-06 11:20:02 | INFO | a_stock | 使用股票池缓存：1487 只
📌 watchlist_refresh 扫描今日 watchlist：71 只
2026-05-06 11:20:02 | WARNING | a_stock | 板块过滤失败：filter_universe_by_strong_sector() got an unexpected keyword argument 'market_state'
⚠️ 板块过滤失败，调试模式跳过板块过滤继续扫描
2026-05-06 11:20:02 | WARNING | a_stock | 周线过滤失败：filter_by_weekly_trend() got an unexpected keyword argument 'strict'
⚠️ 周线过滤失败，调试模式跳过周线过滤继续扫描
实时行情刷新结果：请求=71 成功=70 成功率=98.59% fresh=70 stale=1 最新=2026-05-06 11:20:01
2026-05-06 11:20:02 | INFO | a_stock | 实时行情刷新结果：请求=71 成功=70 成功率=98.59% fresh=70 stale=1 最新=2026-05-06 11:20:01

数据覆盖率报告：
  stock_basic：5323
  有效基础股票：5323
  stock_daily 有效缓存股票：1491 (28.01%)
  realtime_quote 覆盖股票：5317
  universe 股票池：1487
开始扫描：71 只，模式=watchlist_refresh ...
2026-05-06 11:20:02 | INFO | a_stock | reject 002475 score_too_low score=68
2026-05-06 11:20:03 | INFO | a_stock | reject 000938 score_too_low score=62
2026-05-06 11:20:03 | INFO | a_stock | reject 002916 score_too_low score=64
2026-05-06 11:20:03 | INFO | a_stock | reject 002938 score_too_low score=65
2026-05-06 11:20:04 | INFO | a_stock | reject 688630 score_too_low score=69
2026-05-06 11:20:04 | INFO | a_stock | reject 300953 score_too_low score=64
2026-05-06 11:20:05 | INFO | a_stock | reject 300209 score_too_low score=65
2026-05-06 11:20:05 | INFO | a_stock | reject 300769 score_too_low score=0
2026-05-06 11:20:05 | INFO | a_stock | reject 301128 score_too_low score=68
2026-05-06 11:20:06 | INFO | a_stock | reject 002947 score_too_low score=60
2026-05-06 11:20:07 | INFO | a_stock | reject 301165 score_too_low score=65
2026-05-06 11:20:07 | INFO | a_stock | reject 300975 score_too_low score=65
2026-05-06 11:20:07 | INFO | a_stock | reject 301377 score_too_low score=60
2026-05-06 11:20:07 | INFO | a_stock | reject 601677 score_too_low score=65
2026-05-06 11:20:07 | INFO | a_stock | reject 301382 score_too_low score=69
2026-05-06 11:20:07 | INFO | a_stock | reject 688127 score_too_low score=64
2026-05-06 11:20:08 | INFO | a_stock | reject 603115 score_too_low score=67
2026-05-06 11:20:08 | INFO | a_stock | reject 300580 score_too_low score=69
2026-05-06 11:20:09 | INFO | a_stock | reject 600539 score_too_low score=69
2026-05-06 11:20:10 | INFO | a_stock | reject 600433 score_too_low score=60
2026-05-06 11:20:10 | INFO | a_stock | reject 300696 score_too_low score=67
2026-05-06 11:20:10 | INFO | a_stock | reject 603203 score_too_low score=62
2026-05-06 11:20:10 | INFO | a_stock | reject 688663 score_too_low score=67
2026-05-06 11:20:11 | INFO | a_stock | reject 301592 score_too_low score=65

扫描报告：
  股票池：71
  成功处理：71
  异常/无信号跳过：24
  信号候选：47
2026-05-06 11:20:11 | INFO | a_stock | 扫描报告：universe=71 processed=71 skipped=24 candidates=47
📌 watchlist 已更新：180 条

======================================================================
📤 企业微信通知 | A股二买交易助手 | TRADE_SCAN | pages=4
======================================================================
----- page 1/4 | chars=1044 | bytes=1872 -----
【A股二买交易助手｜交易信号｜第1/4页】
【观察池刷新】
大盘：强势 | 双指数强势，可正常筛选，优先强势板块
行情快照：2026-05-06 11:20:01 | 实时行情：70/71 成功率:98.59% fresh:70 stale:1
当前无可执行买点，仅展示观察候选；总候选：47 只
展示前 10 只：
1.  002635 | 安洁科技
操作:等待确认 / 类型:量能未确认 / 风险:4.37%（正常）
信号:观察(observe) / 总分:72 / 趋势:25 回调:25 企稳:21 确认:1
买入:16.55 / 触发:17.63 / 止损:15.83 / 仓位:观察，不急开仓
   目标1:17.63 | 目标2:18.36
   提醒:未突破触发价(no_breakout), 当日表现偏弱(today_pct_weak), 量能未确认(volume_not_confirm), K线质量偏弱(kline_quality_weak)
   备注:建议：等待确认；类型：量能未确认；风险：正常；量能未确认。

2.  603315 | 福鞍股份
操作:等待确认 / 类型:量能未确认 / 风险:4.56%（正常）
信号:观察(observe) / 总分:72 / 趋势:25 回调:21 企稳:18 确认:8
买入:17.20 / 触发:19.53 / 止损:16.41 / 仓位:观察，不急开仓
   目标1:18.38 | 目标2:19.16
   提醒:低点抬高不足(lows_not_rising), 未突破触发价(no_breakout), 量能未确认(volume_not_confirm)
   备注:建议：等待确认；类型：量能未确认；风险：正常；量能未确认。

3.  301172 | 君逸数码
操作:等待确认 / 类型:量能未确认 / 风险:7.41%（偏高）
信号:强观察(strong_observe) / 总分:81 / 趋势:23 回调:23 企稳:25 确认:10
买入:31.50 / 触发:34.70 / 止损:29.16 / 仓位:观察，不急开仓
   目标1:35.00 | 目标2:37.34
   提醒:未突破触发价(no_breakout), 量能未确认(volume_not_confirm)
   备注:建议：等待确认；类型：量能未确认；风险
...（日志预览截断，实际按分页推送）
----- page 2/4 | chars=1042 | bytes=1840 -----
【A股二买交易助手｜交易信号｜第2/4页】
操作:等待确认 / 类型:量能未确认 / 风险:7.79%（偏高）
信号:观察(observe) / 总分:73 / 趋势:23 回调:17 企稳:25 确认:8
买入:23.70 / 触发:24.84 / 止损:21.85 / 仓位:观察，不急开仓
   目标1:26.47 | 目标2:28.31
   提醒:回调过快(pullback_too_fast), 未突破触发价(no_breakout), 量能未确认(volume_not_confirm)
   备注:建议：等待确认；类型：量能未确认；风险：偏高；风险偏高，仅小仓观察。

5.  300693 | 盛弘股份
操作:等待确认 / 类型:量能未确认 / 风险:5.33%（偏高）
信号:观察(observe) / 总分:72 / 趋势:25 回调:21 企稳:18 确认:8
买入:47.32 / 触发:51.69 / 止损:44.80 / 仓位:观察，不急开仓
   目标1:51.11 | 目标2:53.63
   提醒:未突破触发价(no_breakout), 量能未确认(volume_not_confirm)
   备注:建议：等待确认；类型：量能未确认；风险：偏高；风险偏高，仅小仓观察。

6.  300131 | 英唐智控
操作:等待确认 / 类型:量能未确认 / 风险:6.52%（偏高）
信号:观察(observe) / 总分:71 / 趋势:25 回调:23 企稳:23 确认:0
买入:16.25 / 触发:19.08 / 止损:15.19 / 仓位:观察，不急开仓
   目标1:17.84 | 目标2:18.90
   提醒:未突破触发价(no_breakout), 当日表现偏弱(today_pct_weak), 量能未确认(volume_not_confirm), K线质量偏弱(kline_quality_weak)
   备注:建议：等待确认；类型：量能未确认；风险：偏高；风险偏高，仅小仓观察。

7.  301349 | 信德新材
操作:等待确认 / 类型:量能未确认 / 风险:5.87%（偏高）
信号:观察(observe) / 总分:75 / 趋势:25 回调:25 企稳:15 确认:10
买入:59.95 / 触发:65.00 / 止损:56.43 / 仓位:观察，不
...（日志预览截断，实际按分页推送）
----- page 3/4 | chars=975 | bytes=1791 -----
【A股二买交易助手｜交易信号｜第3/4页】
提醒:低点抬高不足(lows_not_rising), 未突破触发价(no_breakout), 量能未确认(volume_not_confirm)
   备注:建议：等待确认；类型：量能未确认；风险：偏高；风险偏高，仅小仓观察。

8.  002046 | 国机精工
操作:只观察 / 类型:风险过大，等待回踩 / 风险:13.67%（过高）
信号:强观察(strong_observe) / 总分:80 / 趋势:19 回调:18 企稳:19 确认:24
买入:55.85 / 触发:55.85 / 止损:48.22 / 仓位:不建议开仓
   目标:风险过高，暂不作为交易目标参考
   提醒:上涨缺量(rise_without_volume), 回调天数不理想(pullback_days_not_ideal)
   备注:建议：只观察；类型：风险过大，等待回踩；风险：过高；止损远，不适合直接开仓。

9.  600267 | 海正药业
操作:只观察 / 类型:风险过大，等待回踩 / 风险:8.22%（过高）
信号:强观察(strong_observe) / 总分:81 / 趋势:25 回调:20 企稳:21 确认:15
买入:11.66 / 触发:11.75 / 止损:10.70 / 仓位:不建议开仓
   目标:风险过高，暂不作为交易目标参考
   提醒:回调量能偏高(pullback_volume_too_high), 接近突破(near_breakout), 量能未确认(volume_not_confirm)
   备注:建议：只观察；类型：风险过大，等待回踩；风险：过高；止损远，不适合直接开仓。

10.  301307 | 美利信
操作:只观察 / 类型:风险过大，等待回踩 / 风险:17.73%（过高）
信号:观察(observe) / 总分:79 / 趋势:25 回调:13 企稳:18 确认:23
买入:49.08 / 触发:49.08 / 止损:40.38 / 仓位:不建议开仓
   目标:风险过高，暂不作为交易目标参考
   提醒:回调天数不理想(pullback_days_not_ideal), 企稳量能偏高(stabilize_volume_high)
----- page 4/4 | chars=63 | bytes=177 -----
【A股二买交易助手｜交易信号｜第4/4页】
备注:建议：只观察；类型：风险过大，等待回踩；风险：过高；止损远，不适合直接开仓。
======================================================================
✅ 企业微信返回 page=1/4 chars=1044 bytes=1872：{'errcode': 0, 'errmsg': 'ok', '_bytes': 1872}
✅ 企业微信返回 page=2/4 chars=1042 bytes=1840：{'errcode': 0, 'errmsg': 'ok', '_bytes': 1840}
✅ 企业微信返回 page=3/4 chars=975 bytes=1791：{'errcode': 0, 'errmsg': 'ok', '_bytes': 1791}
✅ 企业微信返回 page=4/4 chars=63 bytes=177：{'errcode': 0, 'errmsg': 'ok', '_bytes': 177}
[2026-05-06 11:20:21] END COMMAND returncode=0
[2026-05-06 11:20:21] JOB DONE: watchlist_refresh_1120
