
################################################################################
[2026-05-05 14:50:00] JOB START: tail_confirm
################################################################################

================================================================================
[2026-05-05 14:50:00] START COMMAND: /Users/liujunying/.pyenv/versions/3.11.1/bin/python scripts/run_v270_jobs_once.py --job tail
[2026-05-05 14:50:00] TIMEOUT: 600
================================================================================
【v2.7.0 job 执行完成】
{
  "trade_date": "2026-05-05",
  "input_rows": 0,
  "result_rows": 0,
  "buy_count": 0,
  "watch_count": 0,
  "rejected_count": 0,
  "output_results_path": "/Users/liujunying/Downloads/project/my-first/data/tail_confirm_results_v265.parquet",
  "summary_json_path": "/Users/liujunying/Downloads/project/my-first/data/reports/tail_confirm_summary_v265_2026-05-05.json",
  "summary_md_path": "/Users/liujunying/Downloads/project/my-first/data/reports/tail_confirm_summary_v265_2026-05-05.md",
  "daily_section_path": "/Users/liujunying/Downloads/project/my-first/data/reports/tail_daily_section_v265_2026-05-05.md",
  "summary": {
    "trade_date": "2026-05-05",
    "source_tail_focus_path": "/Users/liujunying/Downloads/project/my-first/data/watchlist_tail_focus.parquet",
    "total": 0,
    "status_counter": {},
    "quality_counter": {},
    "buy_count": 0,
    "watch_count": 0,
    "rejected_count": 0,
    "near_candidates": []
  },
  "results": []
}
[2026-05-05 14:50:00] END COMMAND returncode=0
[2026-05-05 14:50:00] JOB DONE: tail_confirm
