
################################################################################
[2026-05-05 14:55:00] JOB START: track_positions_tail
################################################################################

================================================================================
[2026-05-05 14:55:00] START COMMAND: /Users/liujunying/.pyenv/versions/3.11.1/bin/python run_positions.py --track
[2026-05-05 14:55:00] TIMEOUT: 300
================================================================================
# 持仓跟踪报告 - 2026-05-05

当前没有 open 持仓。

======================================================================
📤 企业微信通知 | A股二买交易助手 | POSITION | pages=1
======================================================================
----- page 1/1 | chars=54 | bytes=108 -----
【A股二买交易助手｜持仓风控】
**持仓跟踪报告 - 2026-05-05**

当前没有 open 持仓。
======================================================================
✅ 企业微信返回 page=1/1 chars=54 bytes=108：{'errcode': 0, 'errmsg': 'ok', '_bytes': 108}
[2026-05-05 14:55:01] END COMMAND returncode=0
[2026-05-05 14:55:01] JOB DONE: track_positions_tail
