
################################################################################
[2026-05-01 10:30:00] JOB START: watchlist_refresh_1030
################################################################################

================================================================================
[2026-05-01 10:30:00] START COMMAND: /Users/liujunying/.pyenv/versions/3.11.1/bin/python run_scan.py --watchlist-refresh --workers 1
[2026-05-01 10:30:00] TIMEOUT: 600
================================================================================
2026-05-01 10:30:00 | INFO | a_stock | 日志初始化完成：run_id=20260501_103000, log_dir=logs, reject_file=logs/rejects_20260501_103000.csv, raw_bad_rows_file=logs/raw_bad_rows_20260501_103000.jsonl
2026-05-01 10:30:00 | INFO | a_stock | run_scan 启动
======================================================================
📈 大盘状态：强势 | 双指数强势，可正常筛选，优先强势板块
上证：2026-04-30 close=4112.16 ma20=4112.16 ma60=4112.16 data=after_close+local_ma
创业板：2026-04-30 close=3677.15 ma20=3677.15 ma60=3677.15 data=after_close+local_ma
======================================================================
2026-05-01 10:30:01 | INFO | a_stock | 使用股票池缓存：1475 只
⚠️ 今日 watchlist 为空或过期，watchlist_refresh 自动回退为全市场 observe
2026-05-01 10:30:01 | WARNING | a_stock | 板块过滤失败：filter_universe_by_strong_sector() got an unexpected keyword argument 'market_state'
⚠️ 板块过滤失败，调试模式跳过板块过滤继续扫描
2026-05-01 10:30:01 | WARNING | a_stock | 周线过滤失败：filter_by_weekly_trend() got an unexpected keyword argument 'strict'
⚠️ 周线过滤失败，调试模式跳过周线过滤继续扫描
实时行情刷新结果：请求=1475 成功=1471 成功率=99.73% fresh=0 stale=1475 最新=2026-04-30 16:30:00
2026-05-01 10:30:32 | INFO | a_stock | 实时行情刷新结果：请求=1475 成功=1471 成功率=99.73% fresh=0 stale=1475 最新=2026-04-30 16:30:00
⚠️ 实时行情刷新失败或成功率过低，本轮盘中扫描停止，避免使用旧数据出信号
2026-05-01 10:30:32 | ERROR | a_stock | 实时行情刷新失败，本轮停止：{'requested': 1475, 'success': 1471, 'failed': 4, 'success_rate': 0.9972881355932204, 'newest_quote_time': '2026-04-30 16:30:00', 'ok': False, 'message': '实时行情刷新结果：请求=1475 成功=1471 成功率=99.73% fresh=0 stale=1475 最新=2026-04-30 16:30:00', 'fresh': 0, 'stale': 1475, 'missing': 0, 'fresh_rate': 0.0}

======================================================================
📤 企业微信通知 | A股二买交易助手 | TRADE_SCAN | pages=1
======================================================================
----- page 1/1 | chars=134 | bytes=270 -----
【A股二买交易助手｜交易信号】
【观察池刷新】
大盘：强势 | 双指数强势，可正常筛选，优先强势板块
行情快照：2026-04-30 16:30:00 | 实时行情：1471/1475 成功率:99.73% fresh:0 stale:1475
今日无符合条件的股票。
======================================================================
✅ 企业微信返回 page=1/1 chars=134 bytes=270：{'errcode': 0, 'errmsg': 'ok', '_bytes': 270}
[2026-05-01 10:30:32] END COMMAND returncode=0
[2026-05-01 10:30:32] JOB DONE: watchlist_refresh_1030
