
################################################################################
[2026-05-01 20:30:00] JOB START: daily_report
################################################################################

================================================================================
[2026-05-01 20:30:00] START COMMAND: /Users/liujunying/.pyenv/versions/3.11.1/bin/python run_scan.py --daily-report
[2026-05-01 20:30:00] TIMEOUT: 600
================================================================================
2026-05-01 20:30:00 | INFO | a_stock | 日志初始化完成：run_id=20260501_203000, log_dir=logs, reject_file=logs/rejects_20260501_203000.csv, raw_bad_rows_file=logs/raw_bad_rows_20260501_203000.jsonl
2026-05-01 20:30:00 | INFO | a_stock | run_scan 启动
# A股交易日报 - 2026-05-01

## 一、观察池概况
- 观察池总数：138

### 状态分布
- high_risk：128
- waiting：9
- confirmed：1

### 观察池 Top 10
- 002466  | 状态:high_risk | 操作:只观察 | 分数:82.0 | 风险:19.93% | 触发:80.03 | 止损:64.08
- 600732  | 状态:confirmed | 操作:轻仓观察 | 分数:81.0 | 风险:7.46% | 触发:16.54 | 止损:14.28
- 688183  | 状态:high_risk | 操作:只观察 | 分数:81.0 | 风险:16.93% | 触发:120.7 | 止损:100.26
- 002648  | 状态:high_risk | 操作:只观察 | 分数:81.0 | 风险:14.65% | 触发:29.6 | 止损:25.26
- 603637  | 状态:high_risk | 操作:只观察 | 分数:80.0 | 风险:19.66% | 触发:16.93 | 止损:13.6
- 002655  | 状态:high_risk | 操作:只观察 | 分数:80.0 | 风险:34.13% | 触发:31.42 | 止损:20.7
- 300866  | 状态:high_risk | 操作:只观察 | 分数:79.0 | 风险:13.78% | 触发:125.67 | 止损:108.36
- 605589  | 状态:high_risk | 操作:只观察 | 分数:79.0 | 风险:11.85% | 触发:39.7 | 止损:35.0
- 000762  | 状态:high_risk | 操作:只观察 | 分数:79.0 | 风险:15.68% | 触发:39.18 | 止损:32.8
- 002353  | 状态:high_risk | 操作:只观察 | 分数:79.0 | 风险:21.86% | 触发:136.77 | 止损:106.87

## 二、明日交易计划
当前没有风险合适的明日交易计划。

## 三、执行提醒
- observe 只代表观察候选，不代表买入。
- tail_confirm 才接近交易确认。
- 风险超过 8% 的候选不作为可执行计划。
- 当天过热、量能未确认、未突破触发价，不追。

======================================================================
📤 企业微信通知 | A股二买交易助手 | DAILY_REPORT | pages=1
======================================================================
----- page 1/1 | chars=1110 | bytes=1758 -----
【A股二买交易助手｜交易日报】
**A股交易日报 - 2026-05-01**

**一、观察池概况**
- 观察池总数：138

**状态分布**
- 高风险(high_risk)：128
- 等待确认(waiting)：9
- 已确认(confirmed)：1

**观察池 Top 10**
- 002466 / 状态:高风险(high_risk) / 操作:只观察 / 分数:82.0 / 风险:19.93% / 触发:80.03 / 止损:64.08
- 600732 / 状态:已确认(confirmed) / 操作:轻仓观察 / 分数:81.0 / 风险:7.46% / 触发:16.54 / 止损:14.28
- 688183 / 状态:高风险(high_risk) / 操作:只观察 / 分数:81.0 / 风险:16.93% / 触发:120.7 / 止损:100.26
- 002648 / 状态:高风险(high_risk) / 操作:只观察 / 分数:81.0 / 风险:14.65% / 触发:29.6 / 止损:25.26
- 603637 / 状态:高风险(high_risk) / 操作:只观察 / 分数:80.0 / 风险:19.66% / 触发:16.93 / 止损:13.6
- 002655 / 状态:高风险(high_risk) / 操作:只观察 / 分数:80.0 / 风险:34.13% / 触发:31.42 / 止损:20.7
- 300866 / 状态:高风险(high_risk) / 操作:只观察 / 分数:79.0 / 风险:13.78% / 触发:125.67 / 止损:108.36
- 605589 / 状态:高风险(high_risk) / 操作:只观察 / 分数:79.0 / 风险:11.85% / 触发:39.7 / 止损:35.0
- 000762 / 状态:高风险(high_risk) / 操作:只观察 / 分数:79.0 / 风险:15.68% / 触发:39.18 / 止损:32.8
- 002353 / 状态:高风险(high_risk) / 操作:只观察 / 分数:79.0 / 风险:21.86% / 触发:136.77 / 止损:106.87

**二、明日交易计划**
当前没有风险合适的明日交易计划。

**三、执行提醒**
- 观察(observe) 只代表观察候选，不代表买入。
- tail_confirm 才接近交易确认。
- 风险超过 8% 的候选不作为可执行计划。
- 当天过热、量能未确认、未突破触发价，不追。
======================================================================
✅ 企业微信返回 page=1/1 chars=1110 bytes=1758：{'errcode': 0, 'errmsg': 'ok', '_bytes': 1758}
[2026-05-01 20:30:06] END COMMAND returncode=0
[2026-05-01 20:30:06] JOB DONE: daily_report
